[0.013s][info][gc,heap] Heap region size: 1M
[0.017s][info][gc     ] Using G1
[0.017s][info][gc,heap,coops] Heap address: 0x0000000754600000, size: 2746 MB, Compressed Oops mode: Zero based, Oop shift amount: 3
[0.355s][info][gc,start     ] GC(0) Pause Young (Concurrent Start) (Metadata GC Threshold)
[0.356s][info][gc,task      ] GC(0) Using 8 workers of 8 for evacuation
[0.366s][info][gc,phases    ] GC(0)   Pre Evacuate Collection Set: 0.0ms
[0.366s][info][gc,phases    ] GC(0)   Evacuate Collection Set: 9.4ms
[0.366s][info][gc,phases    ] GC(0)   Post Evacuate Collection Set: 0.4ms
[0.366s][info][gc,phases    ] GC(0)   Other: 1.1ms
[0.366s][info][gc,heap      ] GC(0) Eden regions: 22->0(26)
[0.366s][info][gc,heap      ] GC(0) Survivor regions: 0->3(3)
[0.366s][info][gc,heap      ] GC(0) Old regions: 0->2
[0.366s][info][gc,heap      ] GC(0) Humongous regions: 2->2
[0.366s][info][gc,metaspace ] GC(0) Metaspace: 20749K->20749K(1069056K)
[0.367s][info][gc           ] GC(0) Pause Young (Concurrent Start) (Metadata GC Threshold) 23M->6M(62M) 11.076ms
[0.367s][info][gc,cpu       ] GC(0) User=0.02s Sys=0.02s Real=0.01s
[0.367s][info][gc           ] GC(1) Concurrent Cycle
[0.369s][info][gc,marking   ] GC(1) Concurrent Clear Claimed Marks
[0.369s][info][gc,marking   ] GC(1) Concurrent Clear Claimed Marks 0.178ms
[0.369s][info][gc,marking   ] GC(1) Concurrent Scan Root Regions
[0.371s][info][gc,marking   ] GC(1) Concurrent Scan Root Regions 1.915ms
[0.371s][info][gc,marking   ] GC(1) Concurrent Mark (0.371s)
[0.371s][info][gc,marking   ] GC(1) Concurrent Mark From Roots
[0.371s][info][gc,task      ] GC(1) Using 2 workers of 2 for marking
[0.375s][info][gc,marking   ] GC(1) Concurrent Mark From Roots 4.202ms
[0.375s][info][gc,marking   ] GC(1) Concurrent Preclean
[0.376s][info][gc,marking   ] GC(1) Concurrent Preclean 0.157ms
[0.376s][info][gc,marking   ] GC(1) Concurrent Mark (0.371s, 0.376s) 4.863ms
[0.377s][info][gc,start     ] GC(1) Pause Remark
[0.379s][info][gc,stringtable] GC(1) Cleaned string and symbol table, strings: 7001 processed, 0 removed, symbols: 73527 processed, 33 removed
[0.379s][info][gc            ] GC(1) Pause Remark 8M->8M(62M) 2.851ms
[0.381s][info][gc,cpu        ] GC(1) User=0.01s Sys=0.00s Real=0.01s
[0.384s][info][gc,marking    ] GC(1) Concurrent Rebuild Remembered Sets
[0.389s][info][gc,marking    ] GC(1) Concurrent Rebuild Remembered Sets 4.804ms
[0.392s][info][gc,start      ] GC(1) Pause Cleanup
[0.392s][info][gc            ] GC(1) Pause Cleanup 9M->9M(62M) 0.225ms
[0.392s][info][gc,cpu        ] GC(1) User=0.00s Sys=0.00s Real=0.00s
[0.393s][info][gc,marking    ] GC(1) Concurrent Cleanup for Next Mark
[0.397s][info][gc,marking    ] GC(1) Concurrent Cleanup for Next Mark 4.599ms
[0.398s][info][gc            ] GC(1) Concurrent Cycle 31.758ms
[0.561s][info][gc,start      ] GC(2) Pause Young (Concurrent Start) (G1 Evacuation Pause)
[0.562s][info][gc,task       ] GC(2) Using 8 workers of 8 for evacuation
[0.581s][info][gc,phases     ] GC(2)   Pre Evacuate Collection Set: 0.1ms
[0.581s][info][gc,phases     ] GC(2)   Evacuate Collection Set: 18.9ms
[0.582s][info][gc,phases     ] GC(2)   Post Evacuate Collection Set: 0.5ms
[0.582s][info][gc,phases     ] GC(2)   Other: 0.5ms
[0.582s][info][gc,heap       ] GC(2) Eden regions: 26->0(19)
[0.582s][info][gc,heap       ] GC(2) Survivor regions: 3->4(4)
[0.582s][info][gc,heap       ] GC(2) Old regions: 2->10
[0.582s][info][gc,heap       ] GC(2) Humongous regions: 2->2
[0.582s][info][gc,metaspace  ] GC(2) Metaspace: 25768K->25768K(1073152K)
[0.582s][info][gc            ] GC(2) Pause Young (Concurrent Start) (G1 Evacuation Pause) 32M->15M(62M) 20.590ms
[0.582s][info][gc,cpu        ] GC(2) User=0.08s Sys=0.02s Real=0.02s
[0.582s][info][gc            ] GC(3) Concurrent Cycle
[0.583s][info][gc,marking    ] GC(3) Concurrent Clear Claimed Marks
[0.584s][info][gc,marking    ] GC(3) Concurrent Clear Claimed Marks 1.068ms
[0.584s][info][gc,marking    ] GC(3) Concurrent Scan Root Regions
[0.585s][info][gc,marking    ] GC(3) Concurrent Scan Root Regions 1.458ms
[0.586s][info][gc,marking    ] GC(3) Concurrent Mark (0.586s)
[0.586s][info][gc,marking    ] GC(3) Concurrent Mark From Roots
[0.586s][info][gc,task       ] GC(3) Using 2 workers of 2 for marking
[0.591s][info][gc,marking    ] GC(3) Concurrent Mark From Roots 5.184ms
[0.591s][info][gc,marking    ] GC(3) Concurrent Preclean
[0.591s][info][gc,marking    ] GC(3) Concurrent Preclean 0.201ms
[0.592s][info][gc,marking    ] GC(3) Concurrent Mark (0.586s, 0.592s) 6.031ms
[0.592s][info][gc,start      ] GC(3) Pause Remark
[0.593s][info][gc,stringtable] GC(3) Cleaned string and symbol table, strings: 10624 processed, 13 removed, symbols: 85800 processed, 42 removed
[0.594s][info][gc            ] GC(3) Pause Remark 17M->17M(62M) 1.584ms
[0.594s][info][gc,cpu        ] GC(3) User=0.01s Sys=0.01s Real=0.00s
[0.594s][info][gc,marking    ] GC(3) Concurrent Rebuild Remembered Sets
[0.598s][info][gc,marking    ] GC(3) Concurrent Rebuild Remembered Sets 4.108ms
[0.598s][info][gc,start      ] GC(3) Pause Cleanup
[0.598s][info][gc            ] GC(3) Pause Cleanup 17M->17M(62M) 0.144ms
[0.598s][info][gc,cpu        ] GC(3) User=0.00s Sys=0.00s Real=0.00s
[0.599s][info][gc,marking    ] GC(3) Concurrent Cleanup for Next Mark
[0.599s][info][gc,marking    ] GC(3) Concurrent Cleanup for Next Mark 0.656ms
[0.599s][info][gc            ] GC(3) Concurrent Cycle 17.314ms
[0.634s][info][gc,heap,exit  ] Heap
[0.634s][info][gc,heap,exit  ]  garbage-first heap   total 63488K, used 18677K [0x0000000754600000, 0x0000000800000000)
[0.634s][info][gc,heap,exit  ]   region size 1024K, 8 young (8192K), 4 survivors (4096K)
[0.634s][info][gc,heap,exit  ]  Metaspace       used 26783K, capacity 27694K, committed 27772K, reserved 1073152K
[0.634s][info][gc,heap,exit  ]   class space    used 2751K, capacity 3130K, committed 3196K, reserved 1048576K
